// Jest Snapshot v1, https://goo.gl/fbAQLP

exports[`DashboardRemote Renders a snapshot 1`] = `
<div
  className="Labbooks"
  data-selenium-id="Labbooks"
>
  <div
    data-selenium-id="CreateModal"
  />
  <div
    className="Labbooks__panel-bar"
  >
    <h6
      className="Labbooks__username"
    >
      uitest
    </h6>
    <h1>
      Projects
    </h1>
  </div>
  <div
    className="Labbooks__menu  mui-container flex-0-0-auto"
  >
    <ul
      className="Tabs"
    >
      <li
        className="Tab Tab--local Tab--selected"
      >
        <a
          onClick={[Function]}
        >
          Local
        </a>
      </li>
      <li
        className="Tab Tab--cloud"
      >
        <a
          onClick={[Function]}
        >
          Gigantum Hub
        </a>
      </li>
      <div
        className="hidden cloudLocal"
        data-selenium-id="Tooltip"
      >
        <div
          className="Tooltip__toggle cloudLocal"
          onClick={[Function]}
        >
          <div
            className="Tooltip__glow-container"
          >
            <div
              className="Tooltip__glow-ring-outer"
            >
              <div
                className="Tooltip__glow-ring-inner"
              />
            </div>
          </div>
        </div>
        <div
          className="hidden cloudLocal"
        />
        <div
          className="hidden cloudLocal"
        >
          This allows you to switch between Local and Cloud Project listings. Both Projects you have created and Projects that have been shared with you will be visible.
        </div>
      </div>
    </ul>
  </div>
  <div
    className="Labbooks__subheader grid"
  >
    <div
      className="Labbooks__search-container column-2-span-6 padding--0"
    >
      <div
        className="Input Input--clear"
      >
        <input
          className="margin--0"
          defaultValue=""
          onFocus={[Function]}
          onKeyUp={[Function]}
          placeholder="Filter Projects by name or description"
          type="text"
        />
      </div>
    </div>
    <div
      className="DashboardDropdown column-4-span-3 padding--0"
    >
      <div>
        Filter by:
      </div>
      <div
        className="Dropdown__filter-selector Dropdown Dropdown--collapsed"
        onClick={[Function]}
      >
        <div
          className="Dropdown__filter-selector"
          data-selenium-id="FilterByDropdown"
        >
          All 
          <span
            className="Dropdown__filter-selector subtext"
          >
            (includes collaborators)
          </span>
        </div>
      </div>
      <ul
        className="Dropdown__menu box-shadow hidden"
      >
        <li
          className="DashboardDropdown__list-item"
          onClick={[Function]}
        >
          All 
          <span
            className="subtext"
          >
            (includes collaborators)
          </span>
           ✓ 
        </li>
        <li
          className="DashboardDropdown__list-item"
          onClick={[Function]}
        >
          My
           Projects
          
        </li>
        <li
          className="DashboardDropdown__list-item"
          onClick={[Function]}
        >
          Collaborator's
           Projects
          
        </li>
      </ul>
    </div>
    <div
      className="DashboardDropdown column-4-span-3 padding--0"
      data-selenium-id="SortByDropdown"
    >
      <div>
        Sort by:
      </div>
      <div
        className="Dropdown__sort-selector Dropdown Dropdown--collapsed"
        onClick={[Function]}
      >
        Modified Date (Newest)
      </div>
      <ul
        className="Dropdown__menu box-shadow hidden"
      >
        <li
          className="DashboardDropdown__list-item"
          onClick={[Function]}
        >
          Modified Date (Newest)
           ✓ 
        </li>
        <li
          className="DashboardDropdown__list-item"
          onClick={[Function]}
        >
          Modified Date (Oldest)
          
        </li>
        <li
          className="DashboardDropdown__list-item"
          onClick={[Function]}
        >
          Creation Date (Newest)
          
        </li>
        <li
          className="DashboardDropdown__list-item"
          onClick={[Function]}
        >
          Creation Date (Oldest)
          
        </li>
        <li
          className="DashboardDropdown__list-item"
          onClick={[Function]}
        >
          A-Z
          
        </li>
        <li
          className="DashboardDropdown__list-item"
          onClick={[Function]}
        >
          Z-A
          
        </li>
      </ul>
    </div>
  </div>
  <div />
</div>
`;
