// Jest Snapshot v1, https://goo.gl/fbAQLP

exports[`DashboardLocal Renders a snapshot 1`] = `
<div
  className="Labbooks"
  data-selenium-id="Labbooks"
>
  <div
    data-selenium-id="CreateModal"
  />
  <div
    className="Labbooks__panel-bar"
  >
    <h6
      className="Labbooks__username"
    >
      uitest
    </h6>
    <h1>
      Projects
    </h1>
  </div>
  <div
    className="Labbooks__menu  mui-container flex-0-0-auto"
  >
    <ul
      className="Tabs"
    >
      <li
        className="Tab Tab--local Tab--selected"
      >
        <a
          onClick={[Function]}
        >
          Local
        </a>
      </li>
      <li
        className="Tab Tab--cloud"
      >
        <a
          onClick={[Function]}
        >
          Gigantum Hub
        </a>
      </li>
      <div
        className="hidden cloudLocal"
        data-selenium-id="Tooltip"
      >
        <div
          className="Tooltip__toggle cloudLocal"
          data-event="click focus"
          data-for="Tooltip--cloudLocal"
          data-tip="This allows you to switch between Local and Cloud Project listings. Both Projects you have created and Projects that have been shared with you will be visible."
        >
          <div
            className="Tooltip__glow-container"
          >
            <div
              className="Tooltip__glow-ring-outer"
            >
              <div
                className="Tooltip__glow-ring-inner"
              />
            </div>
          </div>
        </div>
        <div
          className="__react_component_tooltip place-top type-dark "
          data-id="tooltip"
          id="Tooltip--cloudLocal"
        />
      </div>
    </ul>
  </div>
  <div
    className="Labbooks__subheader grid"
  >
    <div
      className="Labbooks__search-container column-2-span-6 padding--0"
    >
      <div
        className="Input Input--clear"
      >
        <input
          className="margin--0"
          defaultValue=""
          onFocus={[Function]}
          onKeyUp={[Function]}
          placeholder="Filter Projects by name or description"
          type="text"
        />
      </div>
    </div>
    <div
      className="DashboardDropdown column-4-span-3 padding--0"
    >
      <div>
        Filter by:
      </div>
      <div
        className="Dropdown__filter-selector Dropdown Dropdown--collapsed"
        onClick={[Function]}
      >
        <div
          className="Dropdown__filter-selector"
          data-selenium-id="FilterByDropdown"
        >
          All 
          <span
            className="Dropdown__filter-selector subtext"
          >
            (includes collaborators)
          </span>
        </div>
      </div>
      <ul
        className="Dropdown__menu box-shadow hidden"
      >
        <li
          className="DashboardDropdown__list-item"
          onClick={[Function]}
        >
          All 
          <span
            className="subtext"
          >
            (includes collaborators)
          </span>
           ✓ 
        </li>
        <li
          className="DashboardDropdown__list-item"
          onClick={[Function]}
        >
          My
           Projects
          
        </li>
        <li
          className="DashboardDropdown__list-item"
          onClick={[Function]}
        >
          Collaborator's
           Projects
          
        </li>
      </ul>
    </div>
    <div
      className="DashboardDropdown column-4-span-3 padding--0"
      data-selenium-id="SortByDropdown"
    >
      <div>
        Sort by:
      </div>
      <div
        className="Dropdown__sort-selector Dropdown Dropdown--collapsed"
        onClick={[Function]}
      >
        Z-A
      </div>
      <ul
        className="Dropdown__menu box-shadow hidden"
      >
        <li
          className="DashboardDropdown__list-item"
          onClick={[Function]}
        >
          Modified Date (Newest)
          
        </li>
        <li
          className="DashboardDropdown__list-item"
          onClick={[Function]}
        >
          Modified Date (Oldest)
          
        </li>
        <li
          className="DashboardDropdown__list-item"
          onClick={[Function]}
        >
          Creation Date (Newest)
          
        </li>
        <li
          className="DashboardDropdown__list-item"
          onClick={[Function]}
        >
          Creation Date (Oldest)
          
        </li>
        <li
          className="DashboardDropdown__list-item"
          onClick={[Function]}
        >
          A-Z
          
        </li>
        <li
          className="DashboardDropdown__list-item"
          onClick={[Function]}
        >
          Z-A
          
        </li>
      </ul>
    </div>
  </div>
  <div
    className="Labbooks__listing"
    data-selenium-id="LocalLabbooks"
  >
    <div
      className="grid"
    >
      <div
        className="ImportModule Card Card--line-50 Card--text-center Card--add Card--import column-4-span-3"
        data-selenium-id="ImportModule"
      >
        <div
          className="Import__main"
        />
        <div
          className="Import__header"
        >
          <div
            className="Import__icon Import__icon--labbook"
          >
            <div
              className="Import__add-icon"
            />
          </div>
          <div
            className="Import__title"
          >
            <h2
              className="Import__h2 Import__h2--azure"
            >
              Add Project
            </h2>
          </div>
        </div>
        <button
          className="btn--import"
          onClick={[Function]}
          type="button"
        >
          Create New
        </button>
        <button
          className="btn--import"
          onClick={[Function]}
          type="button"
        >
          Import Existing
        </button>
        <div
          className="hidden createLabbook"
          data-selenium-id="Tooltip"
        >
          <div
            className="Tooltip__toggle createLabbook"
            data-event="click focus"
            data-for="Tooltip--createLabbook"
            data-tip="Clicking on the 'Create New' button will open the new Project window, letting you name and select a Base for the new Project."
          >
            <div
              className="Tooltip__glow-container"
            >
              <div
                className="Tooltip__glow-ring-outer"
              >
                <div
                  className="Tooltip__glow-ring-inner"
                />
              </div>
            </div>
          </div>
          <div
            className="__react_component_tooltip place-top type-dark "
            data-id="tooltip"
            id="Tooltip--createLabbook"
          />
        </div>
        <div
          className="hidden importLabbook"
          data-selenium-id="Tooltip"
        >
          <div
            className="Tooltip__toggle importLabbook"
            data-event="click focus"
            data-for="Tooltip--importLabbook"
            data-tip="Click on the 'Import Existing' button to import a Project into this Client instance.
You can use a URL of a published Project or upload an exported Project.
You can also import Projects that have been shared with you in by clicking on the 'Gigantum Hub' tab above."
          >
            <div
              className="Tooltip__glow-container"
            >
              <div
                className="Tooltip__glow-ring-outer"
              >
                <div
                  className="Tooltip__glow-ring-inner"
                />
              </div>
            </div>
          </div>
          <div
            className="__react_component_tooltip place-top type-dark "
            data-id="tooltip"
            id="Tooltip--importLabbook"
          />
        </div>
        <div
          className="hidden"
        />
      </div>
      <a
        className="Card Card--225 Card--text column-4-span-3 flex flex--column justify--space-between"
        href="/projects/cbutler/ui-test-project"
        onClick={[Function]}
      >
        <div
          className="LocalLabbooks__row--icons"
          data-selenium-id="LocalLabbookPanel"
        >
          <div
            className="Tooltip-Listing LocalLabbookPanel__loading Tooltip-data Tooltip-data--small"
            data-tooltip="loading"
          />
          <div
            className="LocalLabbooks__containerStatus"
          >
            <div
              className="ContainerStatus__container-state ContainerStatus__containerStatus--state undefined box-shadow"
              data-tooltip="Rebuild Required, container will attempt to rebuild before starting."
              onClick={[Function]}
              onMouseOut={[Function]}
              onMouseOver={[Function]}
              role="presentation"
              type="button"
            >
              <div
                className="ContainerStatus__text"
              />
              <div
                className="ContainerStatus__toggle"
              >
                <div
                  className="ContainerStatus__toggle-btn"
                />
              </div>
            </div>
          </div>
        </div>
        <div
          className="LocalLabbooks__row--text"
        >
          <div>
            <h5
              className="LocalLabbooks__panel-title"
              onClick={[Function]}
              role="presentation"
            >
              <span>
                <span
                  className=""
                >
                  ui-test-project
                </span>
              </span>
            </h5>
          </div>
          <p
            className="LocalLabbooks__paragraph LocalLabbooks__paragraph--owner "
          >
            cbutler
          </p>
          <p
            className="LocalLabbooks__paragraph LocalLabbooks__paragraph--metadata"
          >
            <span
              className="bold"
            >
              Created:
            </span>
             
            Thu Jan 30 2020
          </p>
          <p
            className="LocalLabbooks__paragraph LocalLabbooks__paragraph--metadata"
          >
            <span
              className="bold"
            >
              Modified:
            </span>
             
            Mon Feb 03 2020
          </p>
          <p
            className="LocalLabbooks__paragraph LocalLabbooks__paragraph--description"
          >
            <span>
               No description provided
            </span>
          </p>
        </div>
      </a>
      <a
        className="Card Card--225 Card--text column-4-span-3 flex flex--column justify--space-between"
        href="/projects/cbutler/test-sync"
        onClick={[Function]}
      >
        <div
          className="LocalLabbooks__row--icons"
          data-selenium-id="LocalLabbookPanel"
        >
          <div
            className="Tooltip-Listing LocalLabbookPanel__loading Tooltip-data Tooltip-data--small"
            data-tooltip="loading"
          />
          <div
            className="LocalLabbooks__containerStatus"
          >
            <div
              className="ContainerStatus__container-state ContainerStatus__containerStatus--state undefined box-shadow"
              data-tooltip="Rebuild Required, container will attempt to rebuild before starting."
              onClick={[Function]}
              onMouseOut={[Function]}
              onMouseOver={[Function]}
              role="presentation"
              type="button"
            >
              <div
                className="ContainerStatus__text"
              />
              <div
                className="ContainerStatus__toggle"
              >
                <div
                  className="ContainerStatus__toggle-btn"
                />
              </div>
            </div>
          </div>
        </div>
        <div
          className="LocalLabbooks__row--text"
        >
          <div>
            <h5
              className="LocalLabbooks__panel-title"
              onClick={[Function]}
              role="presentation"
            >
              <span>
                <span
                  className=""
                >
                  test-sync
                </span>
              </span>
            </h5>
          </div>
          <p
            className="LocalLabbooks__paragraph LocalLabbooks__paragraph--owner "
          >
            cbutler
          </p>
          <p
            className="LocalLabbooks__paragraph LocalLabbooks__paragraph--metadata"
          >
            <span
              className="bold"
            >
              Created:
            </span>
             
            Mon Jan 13 2020
          </p>
          <p
            className="LocalLabbooks__paragraph LocalLabbooks__paragraph--metadata"
          >
            <span
              className="bold"
            >
              Modified:
            </span>
             
            Mon Jan 13 2020
          </p>
          <p
            className="LocalLabbooks__paragraph LocalLabbooks__paragraph--description"
          >
            <span>
              <span
                className=""
              >
                sdassad
              </span>
            </span>
          </p>
        </div>
      </a>
      <a
        className="Card Card--225 Card--text column-4-span-3 flex flex--column justify--space-between"
        href="/projects/cbutler/test"
        onClick={[Function]}
      >
        <div
          className="LocalLabbooks__row--icons"
          data-selenium-id="LocalLabbookPanel"
        >
          <div
            className="Tooltip-Listing LocalLabbookPanel__loading Tooltip-data Tooltip-data--small"
            data-tooltip="loading"
          />
          <div
            className="LocalLabbooks__containerStatus"
          >
            <div
              className="ContainerStatus__container-state ContainerStatus__containerStatus--state undefined box-shadow"
              data-tooltip="Rebuild Required, container will attempt to rebuild before starting."
              onClick={[Function]}
              onMouseOut={[Function]}
              onMouseOver={[Function]}
              role="presentation"
              type="button"
            >
              <div
                className="ContainerStatus__text"
              />
              <div
                className="ContainerStatus__toggle"
              >
                <div
                  className="ContainerStatus__toggle-btn"
                />
              </div>
            </div>
          </div>
        </div>
        <div
          className="LocalLabbooks__row--text"
        >
          <div>
            <h5
              className="LocalLabbooks__panel-title"
              onClick={[Function]}
              role="presentation"
            >
              <span>
                <span
                  className=""
                >
                  test
                </span>
              </span>
            </h5>
          </div>
          <p
            className="LocalLabbooks__paragraph LocalLabbooks__paragraph--owner "
          >
            cbutler
          </p>
          <p
            className="LocalLabbooks__paragraph LocalLabbooks__paragraph--metadata"
          >
            <span
              className="bold"
            >
              Created:
            </span>
             
            Tue Jan 07 2020
          </p>
          <p
            className="LocalLabbooks__paragraph LocalLabbooks__paragraph--metadata"
          >
            <span
              className="bold"
            >
              Modified:
            </span>
             
            Wed Jan 08 2020
          </p>
          <p
            className="LocalLabbooks__paragraph LocalLabbooks__paragraph--description"
          >
            <span>
               No description provided
            </span>
          </p>
        </div>
      </a>
      <a
        className="Card Card--225 Card--text column-4-span-3 flex flex--column justify--space-between"
        href="/projects/gigantum-examples/scikit-learn-in-gigantum"
        onClick={[Function]}
      >
        <div
          className="LocalLabbooks__row--icons"
          data-selenium-id="LocalLabbookPanel"
        >
          <div
            className="Tooltip-Listing LocalLabbookPanel__loading Tooltip-data Tooltip-data--small"
            data-tooltip="loading"
          />
          <div
            className="LocalLabbooks__containerStatus"
          >
            <div
              className="ContainerStatus__container-state ContainerStatus__containerStatus--state undefined box-shadow"
              data-tooltip="Rebuild Required, container will attempt to rebuild before starting."
              onClick={[Function]}
              onMouseOut={[Function]}
              onMouseOver={[Function]}
              role="presentation"
              type="button"
            >
              <div
                className="ContainerStatus__text"
              />
              <div
                className="ContainerStatus__toggle"
              >
                <div
                  className="ContainerStatus__toggle-btn"
                />
              </div>
            </div>
          </div>
        </div>
        <div
          className="LocalLabbooks__row--text"
        >
          <div>
            <h5
              className="LocalLabbooks__panel-title"
              onClick={[Function]}
              role="presentation"
            >
              <span>
                <span
                  className=""
                >
                  scikit-learn-in-gigantum
                </span>
              </span>
            </h5>
          </div>
          <p
            className="LocalLabbooks__paragraph LocalLabbooks__paragraph--owner "
          >
            gigantum-examples
          </p>
          <p
            className="LocalLabbooks__paragraph LocalLabbooks__paragraph--metadata"
          >
            <span
              className="bold"
            >
              Created:
            </span>
             
            Wed Nov 06 2019
          </p>
          <p
            className="LocalLabbooks__paragraph LocalLabbooks__paragraph--metadata"
          >
            <span
              className="bold"
            >
              Modified:
            </span>
             
            Mon Nov 11 2019
          </p>
          <p
            className="LocalLabbooks__paragraph LocalLabbooks__paragraph--description"
          >
            <span>
              <span
                className=""
              >
                An intro the Gigantum pre-configured data science base, using scikit-learn
              </span>
            </span>
          </p>
        </div>
      </a>
      <a
        className="Card Card--225 Card--text column-4-span-3 flex flex--column justify--space-between"
        href="/projects/cbutler/private-test"
        onClick={[Function]}
      >
        <div
          className="LocalLabbooks__row--icons"
          data-selenium-id="LocalLabbookPanel"
        >
          <div
            className="Tooltip-Listing LocalLabbookPanel__loading Tooltip-data Tooltip-data--small"
            data-tooltip="loading"
          />
          <div
            className="LocalLabbooks__containerStatus"
          >
            <div
              className="ContainerStatus__container-state ContainerStatus__containerStatus--state undefined box-shadow"
              data-tooltip="Rebuild Required, container will attempt to rebuild before starting."
              onClick={[Function]}
              onMouseOut={[Function]}
              onMouseOver={[Function]}
              role="presentation"
              type="button"
            >
              <div
                className="ContainerStatus__text"
              />
              <div
                className="ContainerStatus__toggle"
              >
                <div
                  className="ContainerStatus__toggle-btn"
                />
              </div>
            </div>
          </div>
        </div>
        <div
          className="LocalLabbooks__row--text"
        >
          <div>
            <h5
              className="LocalLabbooks__panel-title"
              onClick={[Function]}
              role="presentation"
            >
              <span>
                <span
                  className=""
                >
                  private-test
                </span>
              </span>
            </h5>
          </div>
          <p
            className="LocalLabbooks__paragraph LocalLabbooks__paragraph--owner "
          >
            cbutler
          </p>
          <p
            className="LocalLabbooks__paragraph LocalLabbooks__paragraph--metadata"
          >
            <span
              className="bold"
            >
              Created:
            </span>
             
            Wed Sep 04 2019
          </p>
          <p
            className="LocalLabbooks__paragraph LocalLabbooks__paragraph--metadata"
          >
            <span
              className="bold"
            >
              Modified:
            </span>
             
            Fri Jan 17 2020
          </p>
          <p
            className="LocalLabbooks__paragraph LocalLabbooks__paragraph--description"
          >
            <span>
               No description provided
            </span>
          </p>
        </div>
      </a>
      <a
        className="Card Card--225 Card--text column-4-span-3 flex flex--column justify--space-between"
        href="/projects/cbutler/netflix-stats"
        onClick={[Function]}
      >
        <div
          className="LocalLabbooks__row--icons"
          data-selenium-id="LocalLabbookPanel"
        >
          <div
            className="Tooltip-Listing LocalLabbookPanel__loading Tooltip-data Tooltip-data--small"
            data-tooltip="loading"
          />
          <div
            className="LocalLabbooks__containerStatus"
          >
            <div
              className="ContainerStatus__container-state ContainerStatus__containerStatus--state undefined box-shadow"
              data-tooltip="Rebuild Required, container will attempt to rebuild before starting."
              onClick={[Function]}
              onMouseOut={[Function]}
              onMouseOver={[Function]}
              role="presentation"
              type="button"
            >
              <div
                className="ContainerStatus__text"
              />
              <div
                className="ContainerStatus__toggle"
              >
                <div
                  className="ContainerStatus__toggle-btn"
                />
              </div>
            </div>
          </div>
        </div>
        <div
          className="LocalLabbooks__row--text"
        >
          <div>
            <h5
              className="LocalLabbooks__panel-title"
              onClick={[Function]}
              role="presentation"
            >
              <span>
                <span
                  className=""
                >
                  netflix-stats
                </span>
              </span>
            </h5>
          </div>
          <p
            className="LocalLabbooks__paragraph LocalLabbooks__paragraph--owner "
          >
            cbutler
          </p>
          <p
            className="LocalLabbooks__paragraph LocalLabbooks__paragraph--metadata"
          >
            <span
              className="bold"
            >
              Created:
            </span>
             
            Sat Jan 25 2020
          </p>
          <p
            className="LocalLabbooks__paragraph LocalLabbooks__paragraph--metadata"
          >
            <span
              className="bold"
            >
              Modified:
            </span>
             
            Mon Jan 27 2020
          </p>
          <p
            className="LocalLabbooks__paragraph LocalLabbooks__paragraph--description"
          >
            <span>
               No description provided
            </span>
          </p>
        </div>
      </a>
      <a
        className="Card Card--225 Card--text column-4-span-3 flex flex--column justify--space-between"
        href="/projects/cbutler/kjjjj"
        onClick={[Function]}
      >
        <div
          className="LocalLabbooks__row--icons"
          data-selenium-id="LocalLabbookPanel"
        >
          <div
            className="Tooltip-Listing LocalLabbookPanel__loading Tooltip-data Tooltip-data--small"
            data-tooltip="loading"
          />
          <div
            className="LocalLabbooks__containerStatus"
          >
            <div
              className="ContainerStatus__container-state ContainerStatus__containerStatus--state undefined box-shadow"
              data-tooltip="Rebuild Required, container will attempt to rebuild before starting."
              onClick={[Function]}
              onMouseOut={[Function]}
              onMouseOver={[Function]}
              role="presentation"
              type="button"
            >
              <div
                className="ContainerStatus__text"
              />
              <div
                className="ContainerStatus__toggle"
              >
                <div
                  className="ContainerStatus__toggle-btn"
                />
              </div>
            </div>
          </div>
        </div>
        <div
          className="LocalLabbooks__row--text"
        >
          <div>
            <h5
              className="LocalLabbooks__panel-title"
              onClick={[Function]}
              role="presentation"
            >
              <span>
                <span
                  className=""
                >
                  kjjjj
                </span>
              </span>
            </h5>
          </div>
          <p
            className="LocalLabbooks__paragraph LocalLabbooks__paragraph--owner "
          >
            cbutler
          </p>
          <p
            className="LocalLabbooks__paragraph LocalLabbooks__paragraph--metadata"
          >
            <span
              className="bold"
            >
              Created:
            </span>
             
            Wed Jan 08 2020
          </p>
          <p
            className="LocalLabbooks__paragraph LocalLabbooks__paragraph--metadata"
          >
            <span
              className="bold"
            >
              Modified:
            </span>
             
            Mon Jan 13 2020
          </p>
          <p
            className="LocalLabbooks__paragraph LocalLabbooks__paragraph--description"
          >
            <span>
               No description provided
            </span>
          </p>
        </div>
      </a>
      <a
        className="Card Card--225 Card--text column-4-span-3 flex flex--column justify--space-between"
        href="/projects/dmk/bash-kernel-example"
        onClick={[Function]}
      >
        <div
          className="LocalLabbooks__row--icons"
          data-selenium-id="LocalLabbookPanel"
        >
          <div
            className="Tooltip-Listing LocalLabbookPanel__loading Tooltip-data Tooltip-data--small"
            data-tooltip="loading"
          />
          <div
            className="LocalLabbooks__containerStatus"
          >
            <div
              className="ContainerStatus__container-state ContainerStatus__containerStatus--state undefined box-shadow"
              data-tooltip="Rebuild Required, container will attempt to rebuild before starting."
              onClick={[Function]}
              onMouseOut={[Function]}
              onMouseOver={[Function]}
              role="presentation"
              type="button"
            >
              <div
                className="ContainerStatus__text"
              />
              <div
                className="ContainerStatus__toggle"
              >
                <div
                  className="ContainerStatus__toggle-btn"
                />
              </div>
            </div>
          </div>
        </div>
        <div
          className="LocalLabbooks__row--text"
        >
          <div>
            <h5
              className="LocalLabbooks__panel-title"
              onClick={[Function]}
              role="presentation"
            >
              <span>
                <span
                  className=""
                >
                  bash-kernel-example
                </span>
              </span>
            </h5>
          </div>
          <p
            className="LocalLabbooks__paragraph LocalLabbooks__paragraph--owner "
          >
            dmk
          </p>
          <p
            className="LocalLabbooks__paragraph LocalLabbooks__paragraph--metadata"
          >
            <span
              className="bold"
            >
              Created:
            </span>
             
            Sun Oct 20 2019
          </p>
          <p
            className="LocalLabbooks__paragraph LocalLabbooks__paragraph--metadata"
          >
            <span
              className="bold"
            >
              Modified:
            </span>
             
            Tue Jan 07 2020
          </p>
          <p
            className="LocalLabbooks__paragraph LocalLabbooks__paragraph--description"
          >
            <span>
              <span
                className=""
              >
                An example showing how to combine pip and docker snippets to add a kernel
              </span>
            </span>
          </p>
        </div>
      </a>
      <a
        className="Card Card--225 Card--text column-4-span-3 flex flex--column justify--space-between"
        href="/projects/cbutler/adasddas"
        onClick={[Function]}
      >
        <div
          className="LocalLabbooks__row--icons"
          data-selenium-id="LocalLabbookPanel"
        >
          <div
            className="Tooltip-Listing LocalLabbookPanel__loading Tooltip-data Tooltip-data--small"
            data-tooltip="loading"
          />
          <div
            className="LocalLabbooks__containerStatus"
          >
            <div
              className="ContainerStatus__container-state ContainerStatus__containerStatus--state undefined box-shadow"
              data-tooltip="Rebuild Required, container will attempt to rebuild before starting."
              onClick={[Function]}
              onMouseOut={[Function]}
              onMouseOver={[Function]}
              role="presentation"
              type="button"
            >
              <div
                className="ContainerStatus__text"
              />
              <div
                className="ContainerStatus__toggle"
              >
                <div
                  className="ContainerStatus__toggle-btn"
                />
              </div>
            </div>
          </div>
        </div>
        <div
          className="LocalLabbooks__row--text"
        >
          <div>
            <h5
              className="LocalLabbooks__panel-title"
              onClick={[Function]}
              role="presentation"
            >
              <span>
                <span
                  className=""
                >
                  adasddas
                </span>
              </span>
            </h5>
          </div>
          <p
            className="LocalLabbooks__paragraph LocalLabbooks__paragraph--owner "
          >
            cbutler
          </p>
          <p
            className="LocalLabbooks__paragraph LocalLabbooks__paragraph--metadata"
          >
            <span
              className="bold"
            >
              Created:
            </span>
             
            Wed Jan 22 2020
          </p>
          <p
            className="LocalLabbooks__paragraph LocalLabbooks__paragraph--metadata"
          >
            <span
              className="bold"
            >
              Modified:
            </span>
             
            Mon Jan 27 2020
          </p>
          <p
            className="LocalLabbooks__paragraph LocalLabbooks__paragraph--description"
          >
            <span>
               No description provided
            </span>
          </p>
        </div>
      </a>
      <div
        className="CardLoader--hidden"
        data-selenium-id="CardLoader"
      >
        <div />
      </div>
      <div
        className="CardLoader--hidden"
        data-selenium-id="CardLoader"
      >
        <div />
      </div>
      <div
        className="CardLoader--hidden"
        data-selenium-id="CardLoader"
      >
        <div />
      </div>
      <div
        className="CardLoader--hidden"
        data-selenium-id="CardLoader"
      >
        <div />
      </div>
      <div
        className="CardLoader--hidden"
        data-selenium-id="CardLoader"
      >
        <div />
      </div>
    </div>
  </div>
</div>
`;
