// Jest Snapshot v1, https://goo.gl/fbAQLP

exports[`LocalDatasets Renders a snapshot 1`] = `
<div
  className="Datasets__listing"
  data-selenium-id="LocalDatasets"
>
  <div
    className="grid"
  >
    <div
      className="ImportModule Card Card--line-50 Card--text-center Card--add Card--import column-4-span-3"
      data-selenium-id="ImportModule"
    >
      <div
        className="Import__main"
      />
      <div
        className="Import__header"
      >
        <div
          className="Import__icon Import__icon--dataset"
        >
          <div
            className="Import__add-icon"
          />
        </div>
        <div
          className="Import__title"
        >
          <h2
            className="Import__h2 Import__h2--azure"
          >
            Add Dataset
          </h2>
        </div>
      </div>
      <button
        className="btn--import"
        onClick={[Function]}
        type="button"
      >
        Create New
      </button>
      <button
        className="btn--import"
        onClick={[Function]}
        type="button"
      >
        Import Existing
      </button>
      <div
        className="hidden createLabbook"
        data-selenium-id="Tooltip"
      >
        <div
          className="Tooltip__toggle createLabbook"
          data-event="click focus"
          data-for="Tooltip--createLabbook"
          data-tip="Clicking on the 'Create New' button will open the new Project window, letting you name and select a Base for the new Project."
        >
          <div
            className="Tooltip__glow-container"
          >
            <div
              className="Tooltip__glow-ring-outer"
            >
              <div
                className="Tooltip__glow-ring-inner"
              />
            </div>
          </div>
        </div>
        <div
          className="__react_component_tooltip place-top type-dark "
          data-id="tooltip"
          id="Tooltip--createLabbook"
        />
      </div>
      <div
        className="hidden importLabbook"
        data-selenium-id="Tooltip"
      >
        <div
          className="Tooltip__toggle importLabbook"
          data-event="click focus"
          data-for="Tooltip--importLabbook"
          data-tip="Click on the 'Import Existing' button to import a Project into this Client instance.
You can use a URL of a published Project or upload an exported Project.
You can also import Projects that have been shared with you in by clicking on the 'Gigantum Hub' tab above."
        >
          <div
            className="Tooltip__glow-container"
          >
            <div
              className="Tooltip__glow-ring-outer"
            >
              <div
                className="Tooltip__glow-ring-inner"
              />
            </div>
          </div>
        </div>
        <div
          className="__react_component_tooltip place-top type-dark "
          data-id="tooltip"
          id="Tooltip--importLabbook"
        />
      </div>
      <div
        className="hidden"
      />
    </div>
    <div
      className="CardLoader--hidden"
      data-selenium-id="CardLoader"
    >
      <div />
    </div>
    <div
      className="CardLoader--hidden"
      data-selenium-id="CardLoader"
    >
      <div />
    </div>
    <div
      className="CardLoader--hidden"
      data-selenium-id="CardLoader"
    >
      <div />
    </div>
    <div
      className="CardLoader--hidden"
      data-selenium-id="CardLoader"
    >
      <div />
    </div>
    <div
      className="CardLoader--hidden"
      data-selenium-id="CardLoader"
    >
      <div />
    </div>
  </div>
</div>
`;
