// Jest Snapshot v1, https://goo.gl/fbAQLP

exports[`Dataset File component File Snapshot 1`] = `
<div
  className="File"
  data-selenium-id="File"
  onMouseEnter={[Function]}
  onMouseLeave={[Function]}
  onMouseOut={[Function]}
  onMouseOver={[Function]}
>
  <div
    className="File__row"
    style={
      Object {
        "paddingLeft": "NaNpx",
      }
    }
  >
    <button
      className="Btn Btn--round Btn--medium Btn__check"
      onClick={[Function]}
    />
    <div
      className="File__cell File__cell--name"
    >
      <div
        className="File__icon null"
      />
      <div
        className="File__text"
      />
    </div>
    <div
      className="File__cell File__cell--edit hidden"
    >
      <div
        className="File__container"
      >
        <input
          className="File__input"
          draggable={true}
          onChange={[Function]}
          onClick={[Function]}
          onDragStart={[Function]}
          onKeyDown={[Function]}
          type="text"
          value="folder"
        />
      </div>
      <div
        className="flex justify-space-around"
      >
        <button
          className="File__btn--round File__btn--cancel File__btn--rename-cancel"
          onClick={[Function]}
        />
        <button
          className="File__btn--round File__btn--add File__btn--rename-add"
          onClick={[Function]}
        />
      </div>
    </div>
    <div
      className="File__cell File__cell--size"
    >
      0B
    </div>
    <div
      className="File__cell File__cell--date"
    >
      Fri Jan 18 2019
    </div>
    <div
      className="File__cell File__cell--menu"
    >
      <div
        className="ActionsMenu"
        data-selenium-id="ActionsMenu"
      >
        <div
          className="ActionsMenu__item Tooltip-data Tooltip-data--small ActionsMenu__item--AddSubfolder visibility-hidden"
          data-tooltip="Add Subfolder"
          onClick={[Function]}
        />
        <div
          className="ActionsMenu__item ActionsMenu__item--delete Tooltip-data Tooltip-data--small"
          data-tooltip="Delete"
          onClick={[Function]}
        >
          <div
            className="ActionsMenu__popup hidden Tooltip__message"
          >
            <div
              className="Tooltip__pointer"
            />
            <p>
              Are you sure?
            </p>
            <div
              className="flex justify--space-around"
            >
              <button
                className="File__btn--round File__btn--cancel"
                onClick={[Function]}
              />
              <button
                className="File__btn--round File__btn--add"
                onClick={[Function]}
              />
            </div>
          </div>
        </div>
        <div
          className="ActionsMenu__item ActionsMenu__item--rename Tooltip-data Tooltip-data--small"
          data-tooltip="Rename"
          onClick={[Function]}
        />
      </div>
      <div
        className="DatasetActionsMenu"
        data-selenium-id="DatasetActionsMenu"
      >
        <div
          className="DatasetActionsMenu__item Tooltip-data Tooltip-data--small DatasetActionsMenu__item--download-grey"
          data-tooltip="Downlaod"
          onClick={[Function]}
        />
      </div>
    </div>
  </div>
</div>
`;
