// Jest Snapshot v1, https://goo.gl/fbAQLP

exports[`LocalLabbooks LocalLabbooks snapshot 1`] = `
<div
  className="Labbooks__listing"
  data-selenium-id="LocalLabbooks"
>
  <div
    className="grid"
  >
    <div
      className="ImportModule Card Card--line-50 Card--text-center Card--add Card--import column-4-span-3"
      data-selenium-id="ImportModule"
    >
      <div
        className="Import__main"
      />
      <div
        className="Import__header"
      >
        <div
          className="Import__icon Import__icon--labbook"
        >
          <div
            className="Import__add-icon"
          />
        </div>
        <div
          className="Import__title"
        >
          <h2
            className="Import__h2 Import__h2--azure"
          >
            Add Project
          </h2>
        </div>
      </div>
      <button
        className="btn--import"
        onClick={[Function]}
        type="button"
      >
        Create New
      </button>
      <button
        className="btn--import"
        onClick={[Function]}
        type="button"
      >
        Import Existing
      </button>
      <div
        className="hidden createLabbook"
        data-selenium-id="Tooltip"
      >
        <div
          className="Tooltip__toggle createLabbook"
          onClick={[Function]}
        >
          <div
            className="Tooltip__glow-container"
          >
            <div
              className="Tooltip__glow-ring-outer"
            >
              <div
                className="Tooltip__glow-ring-inner"
              />
            </div>
          </div>
        </div>
        <div
          className="hidden createLabbook"
        />
        <div
          className="hidden createLabbook"
        >
          Clicking on the 'Create New' button will open the new Project window, letting you name and select a Base for the new Project.
        </div>
      </div>
      <div
        className="hidden"
      />
    </div>
    <a
      className="Card Card--225 Card--text column-4-span-3 flex flex--column justify--space-between"
      href="/projects/cbutler/ui-test-project"
      onClick={[Function]}
    >
      <div
        className="LocalLabbooks__row--icons"
        data-selenium-id="LocalLabbookPanel"
      >
        <div
          className="Tooltip-Listing LocalLabbookPanel__loading Tooltip-data Tooltip-data--small"
          data-tooltip="loading"
        />
        <div
          className="LocalLabbooks__containerStatus"
        >
          <div
            className="ContainerStatus__container-state ContainerStatus__containerStatus--state loading box-shadow"
            data-tooltip="Rebuild Required, container will attempt to rebuild before starting."
            onClick={[Function]}
            onMouseOut={[Function]}
            onMouseOver={[Function]}
            role="presentation"
            type="button"
          >
            <div
              className="ContainerStatus__text"
            >
              
            </div>
            <div
              className="ContainerStatus__toggle"
            >
              <div
                className="ContainerStatus__toggle-btn"
              />
            </div>
          </div>
        </div>
      </div>
      <div
        className="LocalLabbooks__row--text"
      >
        <div>
          <h5
            className="LocalLabbooks__panel-title"
            onClick={[Function]}
            role="presentation"
          >
            <span>
              <span
                className=""
              >
                ui-test-project
              </span>
            </span>
          </h5>
        </div>
        <p
          className="LocalLabbooks__paragraph LocalLabbooks__paragraph--owner "
        >
          cbutler
        </p>
        <p
          className="LocalLabbooks__paragraph LocalLabbooks__paragraph--metadata"
        >
          <span
            className="bold"
          >
            Created:
          </span>
           
          Thu Jan 30 2020
        </p>
        <p
          className="LocalLabbooks__paragraph LocalLabbooks__paragraph--metadata"
        >
          <span
            className="bold"
          >
            Modified:
          </span>
           
          Mon Feb 03 2020
        </p>
        <p
          className="LocalLabbooks__paragraph LocalLabbooks__paragraph--description"
        >
          <span>
             No description provided
          </span>
        </p>
      </div>
    </a>
    <a
      className="Card Card--225 Card--text column-4-span-3 flex flex--column justify--space-between"
      href="/projects/cbutler/test-sync"
      onClick={[Function]}
    >
      <div
        className="LocalLabbooks__row--icons"
        data-selenium-id="LocalLabbookPanel"
      >
        <div
          className="Tooltip-Listing LocalLabbookPanel__loading Tooltip-data Tooltip-data--small"
          data-tooltip="loading"
        />
        <div
          className="LocalLabbooks__containerStatus"
        >
          <div
            className="ContainerStatus__container-state ContainerStatus__containerStatus--state loading box-shadow"
            data-tooltip="Rebuild Required, container will attempt to rebuild before starting."
            onClick={[Function]}
            onMouseOut={[Function]}
            onMouseOver={[Function]}
            role="presentation"
            type="button"
          >
            <div
              className="ContainerStatus__text"
            >
              
            </div>
            <div
              className="ContainerStatus__toggle"
            >
              <div
                className="ContainerStatus__toggle-btn"
              />
            </div>
          </div>
        </div>
      </div>
      <div
        className="LocalLabbooks__row--text"
      >
        <div>
          <h5
            className="LocalLabbooks__panel-title"
            onClick={[Function]}
            role="presentation"
          >
            <span>
              <span
                className=""
              >
                test-sync
              </span>
            </span>
          </h5>
        </div>
        <p
          className="LocalLabbooks__paragraph LocalLabbooks__paragraph--owner "
        >
          cbutler
        </p>
        <p
          className="LocalLabbooks__paragraph LocalLabbooks__paragraph--metadata"
        >
          <span
            className="bold"
          >
            Created:
          </span>
           
          Mon Jan 13 2020
        </p>
        <p
          className="LocalLabbooks__paragraph LocalLabbooks__paragraph--metadata"
        >
          <span
            className="bold"
          >
            Modified:
          </span>
           
          Mon Jan 13 2020
        </p>
        <p
          className="LocalLabbooks__paragraph LocalLabbooks__paragraph--description"
        >
          <span>
            <span
              className=""
            >
              sdassad
            </span>
          </span>
        </p>
      </div>
    </a>
    <a
      className="Card Card--225 Card--text column-4-span-3 flex flex--column justify--space-between"
      href="/projects/cbutler/test"
      onClick={[Function]}
    >
      <div
        className="LocalLabbooks__row--icons"
        data-selenium-id="LocalLabbookPanel"
      >
        <div
          className="Tooltip-Listing LocalLabbookPanel__loading Tooltip-data Tooltip-data--small"
          data-tooltip="loading"
        />
        <div
          className="LocalLabbooks__containerStatus"
        >
          <div
            className="ContainerStatus__container-state ContainerStatus__containerStatus--state loading box-shadow"
            data-tooltip="Rebuild Required, container will attempt to rebuild before starting."
            onClick={[Function]}
            onMouseOut={[Function]}
            onMouseOver={[Function]}
            role="presentation"
            type="button"
          >
            <div
              className="ContainerStatus__text"
            >
              
            </div>
            <div
              className="ContainerStatus__toggle"
            >
              <div
                className="ContainerStatus__toggle-btn"
              />
            </div>
          </div>
        </div>
      </div>
      <div
        className="LocalLabbooks__row--text"
      >
        <div>
          <h5
            className="LocalLabbooks__panel-title"
            onClick={[Function]}
            role="presentation"
          >
            <span>
              <span
                className=""
              >
                test
              </span>
            </span>
          </h5>
        </div>
        <p
          className="LocalLabbooks__paragraph LocalLabbooks__paragraph--owner "
        >
          cbutler
        </p>
        <p
          className="LocalLabbooks__paragraph LocalLabbooks__paragraph--metadata"
        >
          <span
            className="bold"
          >
            Created:
          </span>
           
          Tue Jan 07 2020
        </p>
        <p
          className="LocalLabbooks__paragraph LocalLabbooks__paragraph--metadata"
        >
          <span
            className="bold"
          >
            Modified:
          </span>
           
          Wed Jan 08 2020
        </p>
        <p
          className="LocalLabbooks__paragraph LocalLabbooks__paragraph--description"
        >
          <span>
             No description provided
          </span>
        </p>
      </div>
    </a>
    <a
      className="Card Card--225 Card--text column-4-span-3 flex flex--column justify--space-between"
      href="/projects/gigantum-examples/scikit-learn-in-gigantum"
      onClick={[Function]}
    >
      <div
        className="LocalLabbooks__row--icons"
        data-selenium-id="LocalLabbookPanel"
      >
        <div
          className="Tooltip-Listing LocalLabbookPanel__loading Tooltip-data Tooltip-data--small"
          data-tooltip="loading"
        />
        <div
          className="LocalLabbooks__containerStatus"
        >
          <div
            className="ContainerStatus__container-state ContainerStatus__containerStatus--state loading box-shadow"
            data-tooltip="Rebuild Required, container will attempt to rebuild before starting."
            onClick={[Function]}
            onMouseOut={[Function]}
            onMouseOver={[Function]}
            role="presentation"
            type="button"
          >
            <div
              className="ContainerStatus__text"
            >
              
            </div>
            <div
              className="ContainerStatus__toggle"
            >
              <div
                className="ContainerStatus__toggle-btn"
              />
            </div>
          </div>
        </div>
      </div>
      <div
        className="LocalLabbooks__row--text"
      >
        <div>
          <h5
            className="LocalLabbooks__panel-title"
            onClick={[Function]}
            role="presentation"
          >
            <span>
              <span
                className=""
              >
                scikit-learn-in-gigantum
              </span>
            </span>
          </h5>
        </div>
        <p
          className="LocalLabbooks__paragraph LocalLabbooks__paragraph--owner "
        >
          gigantum-examples
        </p>
        <p
          className="LocalLabbooks__paragraph LocalLabbooks__paragraph--metadata"
        >
          <span
            className="bold"
          >
            Created:
          </span>
           
          Wed Nov 06 2019
        </p>
        <p
          className="LocalLabbooks__paragraph LocalLabbooks__paragraph--metadata"
        >
          <span
            className="bold"
          >
            Modified:
          </span>
           
          Mon Nov 11 2019
        </p>
        <p
          className="LocalLabbooks__paragraph LocalLabbooks__paragraph--description"
        >
          <span>
            <span
              className=""
            >
              An intro the Gigantum pre-configured data science base, using scikit-learn
            </span>
          </span>
        </p>
      </div>
    </a>
    <a
      className="Card Card--225 Card--text column-4-span-3 flex flex--column justify--space-between"
      href="/projects/cbutler/private-test"
      onClick={[Function]}
    >
      <div
        className="LocalLabbooks__row--icons"
        data-selenium-id="LocalLabbookPanel"
      >
        <div
          className="Tooltip-Listing LocalLabbookPanel__loading Tooltip-data Tooltip-data--small"
          data-tooltip="loading"
        />
        <div
          className="LocalLabbooks__containerStatus"
        >
          <div
            className="ContainerStatus__container-state ContainerStatus__containerStatus--state loading box-shadow"
            data-tooltip="Rebuild Required, container will attempt to rebuild before starting."
            onClick={[Function]}
            onMouseOut={[Function]}
            onMouseOver={[Function]}
            role="presentation"
            type="button"
          >
            <div
              className="ContainerStatus__text"
            >
              
            </div>
            <div
              className="ContainerStatus__toggle"
            >
              <div
                className="ContainerStatus__toggle-btn"
              />
            </div>
          </div>
        </div>
      </div>
      <div
        className="LocalLabbooks__row--text"
      >
        <div>
          <h5
            className="LocalLabbooks__panel-title"
            onClick={[Function]}
            role="presentation"
          >
            <span>
              <span
                className=""
              >
                private-test
              </span>
            </span>
          </h5>
        </div>
        <p
          className="LocalLabbooks__paragraph LocalLabbooks__paragraph--owner "
        >
          cbutler
        </p>
        <p
          className="LocalLabbooks__paragraph LocalLabbooks__paragraph--metadata"
        >
          <span
            className="bold"
          >
            Created:
          </span>
           
          Wed Sep 04 2019
        </p>
        <p
          className="LocalLabbooks__paragraph LocalLabbooks__paragraph--metadata"
        >
          <span
            className="bold"
          >
            Modified:
          </span>
           
          Fri Jan 17 2020
        </p>
        <p
          className="LocalLabbooks__paragraph LocalLabbooks__paragraph--description"
        >
          <span>
             No description provided
          </span>
        </p>
      </div>
    </a>
    <div
      className="CardLoader--hidden"
      data-selenium-id="CardLoader"
    >
      <div />
    </div>
    <div
      className="CardLoader--hidden"
      data-selenium-id="CardLoader"
    >
      <div />
    </div>
    <div
      className="CardLoader--hidden"
      data-selenium-id="CardLoader"
    >
      <div />
    </div>
    <div
      className="CardLoader--hidden"
      data-selenium-id="CardLoader"
    >
      <div />
    </div>
    <div
      className="CardLoader--hidden"
      data-selenium-id="CardLoader"
    >
      <div />
    </div>
  </div>
</div>
`;
