// Jest Snapshot v1, https://goo.gl/fbAQLP

exports[`Activity renders a snapshot 1`] = `
<div
  className="ActivityCard__container column-1-span-9"
  data-selenium-id="ActivityCardx"
>
  <div
    className="ActivityCard ActivityCard--collapsed card ActivityCard--faded ActivityCard__expanded"
    style={Object {}}
  >
    <div
      className="ActivityCard__badge ActivityCard__badge--code"
      title="code"
    />
    <div
      className="ActivityCard__content"
    >
      <div
        className="ActivityCard__title flex flex--row justify--space-between closed"
        onClick={[Function]}
        role="presentation"
      >
        <div
          className="ActivityCard__stack"
        >
          <p
            className="ActivityCard__time"
          >
            3:10pm
          </p>
          <div
            className="ActivityCard__user"
          >
            C
          </div>
        </div>
        <h6
          className="ActivityCard__commit-message"
        >
          <b>
            cbutler - 
          </b>
          Created new Code directory \`code/folder\`
        </h6>
      </div>
    </div>
  </div>
</div>
`;
