// Jest Snapshot v1, https://goo.gl/fbAQLP

exports[`DetailRecords Renders a snapshot 1`] = `
<div
  className="DetailsRecords"
>
  <ul
    className="DetailsRecords__list"
  >
    <div
      className="DetailsRecords__container"
    >
      <div
        className="DetailsRecords__action DetailsRecords__action--null"
      />
    </div>
    <div
      className="DetailsRecords__container"
    >
      <div
        className="DetailsRecords__action DetailsRecords__action--null"
      />
    </div>
    <div
      className="DetailsRecords__container"
    >
      <div
        className="DetailsRecords__action DetailsRecords__action--null"
      />
    </div>
    <div
      className="DetailsRecords__container"
    >
      <div
        className="DetailsRecords__action DetailsRecords__action--null"
      />
    </div>
    <div
      className="DetailsRecords__container"
    >
      <div
        className="DetailsRecords__action DetailsRecords__action--null"
      />
    </div>
    <div
      className="DetailsRecords__container"
    >
      <div
        className="DetailsRecords__action DetailsRecords__action--null"
      />
    </div>
    <div
      className="DetailsRecords__container"
    >
      <div
        className="DetailsRecords__action DetailsRecords__action--null"
      />
    </div>
    <div
      className="DetailsRecords__container"
    >
      <div
        className="DetailsRecords__action DetailsRecords__action--null"
      />
    </div>
    <div
      className="DetailsRecords__container"
    >
      <div
        className="DetailsRecords__action DetailsRecords__action--null"
      />
    </div>
    <div
      className="DetailsRecords__container"
    >
      <div
        className="DetailsRecords__action DetailsRecords__action--null"
      />
    </div>
    <div
      className="DetailsRecords__container"
    >
      <div
        className="DetailsRecords__action DetailsRecords__action--null"
      />
    </div>
  </ul>
</div>
`;
