// Jest Snapshot v1, https://goo.gl/fbAQLP

exports[`Test LinkModal 1`] = `
<div
  className="Modal"
  data-selenium-id="Modal"
>
  <div
    className="Modal__cover"
    onClick={[Function]}
  />
  <div
    className="Modal__content large-long dataset"
    style={
      Object {
        "overflow": "hidden",
      }
    }
  >
    <div
      className="Modal__close"
      onClick={[Function]}
    />
    <div
      className="Modal__container"
    >
      <h1
        className="Modal__header"
      >
        <div
          className="Icon Icon--dataset"
        />
        Link Dataset
      </h1>
      <hr />
      <div
        className="Modal__sub-container Modal__sub-container--nopadding"
      >
        <div
          className="LinkModal"
        >
          <div
            className="LinkModal__info Tooltip-data"
            data-tooltip="Linking a dataset will allow you to reference its files within the Project"
          />
          <div
            className="Loader"
            data-selenium-id="Loader"
          />
        </div>
      </div>
    </div>
  </div>
</div>
`;
