// Jest Snapshot v1, https://goo.gl/fbAQLP

exports[`Test RemoteLabbooks rendering 1`] = `
<div
  className="Card Card--225 column-4-span-3 flex flex--column justify--space-between"
  data-selenium-id="RemoteLabbookPanel"
>
  <div
    className="RemoteLabbooks__row RemoteLabbooks__row--icon"
  >
    <div
      className="Tooltip-Listing RemoteLabbooks__private Tooltip-data Tooltip-data--small"
      data-tooltip="private"
    />
    <button
      className="Btn__dashboard Btn--action Btn__dashboard--cloud-download"
      disabled={false}
      onClick={[Function]}
      type="button"
    >
      Import
    </button>
    <button
      className="Btn__dashboard Btn--action Tooltip-data Tooltip-data--wide Btn__dashboard--delete-disabled"
      data-tooltip="Only owners and admins can delete a remote Project"
      disabled={true}
      onClick={[Function]}
      type="button"
    >
      Delete
    </button>
  </div>
  <div
    className="RemoteLabbooks__row RemoteLabbooks__row--text"
  >
    <div
      className="RemoteLabbooks__row RemoteLabbooks__row--title"
    >
      <h5
        className="RemoteLabbooks__panel-title"
      >
        <span>
          <span
            className=""
          >
            xd
          </span>
        </span>
      </h5>
    </div>
    <p
      className="RemoteLabbooks__paragraph RemoteLabbooks__paragraph--owner"
    >
      cbutler
    </p>
    <p
      className="RemoteLabbooks__paragraph RemoteLabbooks__paragraph--metadata"
    >
      <span
        className="bold"
      >
        Created:
      </span>
       
      Tue Jul 09 2019
    </p>
    <p
      className="RemoteLabbooks__paragraph RemoteLabbooks__paragraph--metadata"
    >
      <span
        className="bold"
      >
        Modified:
      </span>
       
      Tue Jul 09 2019
    </p>
    <p
      className="RemoteLabbooks__paragraph RemoteLabbooks__paragraph--description"
    >
      No description provided
    </p>
  </div>
</div>
`;
