// Jest Snapshot v1, https://goo.gl/fbAQLP

exports[`DatasetActivityContainer Renders a snapshot 1`] = `
<div
  className="Activity"
  data-selenium-id="Activityx"
>
  <div
    className="Activity__inner-container flex flex--row flex--wrap justify--flex-start"
  >
    <div
      className="Activity__sizer flex-1-0-auto"
    >
      <div
        className="hidden userNote"
        data-selenium-id="Tooltip"
      >
        <div
          className="Tooltip__toggle userNote"
          onClick={[Function]}
        >
          <div
            className="Tooltip__glow-container"
          >
            <div
              className="Tooltip__glow-ring-outer"
            >
              <div
                className="Tooltip__glow-ring-inner"
              />
            </div>
          </div>
        </div>
        <div
          className="hidden userNote"
        />
        <div
          className="hidden userNote"
        >
          This menu can be used to create a note. A note is added to the current point in the Activity Feed and can be viewed by collaborators when synced. 
 The note editor supports markdown.
        </div>
      </div>
      <div
        data-selenium-id="CreateBranch"
      />
      <div>
        <div
          className="Activity__date-section Activity__date-section--0"
          data-selenium-id="DateSectionx"
        >
          <div
            className="Activity__date-tab note"
          >
            <div
              className="Activity__date-day"
            >
              30
            </div>
            <div
              className="Activity__date-sub"
            >
              <div
                className="Activity__date-month"
              >
                Jan
              </div>
              <div
                className="Activity__date-year"
              >
                2020
              </div>
            </div>
          </div>
          <div
            className="UserNote__container"
            data-selenium-id="UserNoteWrapperx"
          >
            <button
              className="Btn Btn--feature Btn--feature--expanded--paddingLeft relative UserNote__button"
              onClick={[Function]}
              type="submit"
            >
              Add Note
            </button>
            <div
              className="UserNote__add UserNote__card column-1-span-10 hidden"
            />
          </div>
          <div
            className="Activity__card-container Activity__card-container--last"
          >
            <div
              className="CardWrapper"
              data-selenium-id="CardWrapperx"
            >
              <div
                className="ActivityCard__container column-1-span-9"
                data-selenium-id="ActivityCardx"
              >
                <div
                  className="ActivityCard ActivityCard--collapsed card"
                  style={Object {}}
                >
                  <div
                    className="ActivityCard__badge ActivityCard__badge--dataset"
                    title="dataset"
                  />
                  <div
                    className="ActivityCard__content"
                  >
                    <div
                      className="ActivityCard__title flex flex--row justify--space-between closed"
                      onClick={[Function]}
                      role="presentation"
                    >
                      <div
                        className="ActivityCard__stack"
                      >
                        <p
                          className="ActivityCard__time"
                        >
                          4:00pm
                        </p>
                        <div
                          className="ActivityCard__user"
                        >
                          C
                        </div>
                      </div>
                      <h6
                        className="ActivityCard__commit-message"
                      >
                        <b>
                          cbutler - 
                        </b>
                        Created new Dataset: cbutler/ui-test-dataset
                      </h6>
                    </div>
                  </div>
                </div>
              </div>
            </div>
            <div
              className="CardWrapper"
              data-selenium-id="CardWrapperx"
            >
              <div
                className="ActivityCard__container column-1-span-9"
                data-selenium-id="ActivityCardx"
              >
                <div
                  className="ActivityCard ActivityCard--collapsed card"
                  style={Object {}}
                >
                  <div
                    className="ActivityCard__badge ActivityCard__badge--dataset"
                    title="dataset"
                  />
                  <div
                    className="ActivityCard__content"
                  >
                    <div
                      className="ActivityCard__title flex flex--row justify--space-between closed"
                      onClick={[Function]}
                      role="presentation"
                    >
                      <div
                        className="ActivityCard__stack"
                      >
                        <p
                          className="ActivityCard__time"
                        >
                          4:00pm
                        </p>
                        <div
                          className="ActivityCard__user"
                        >
                          C
                        </div>
                      </div>
                      <h6
                        className="ActivityCard__commit-message"
                      >
                        <b>
                          cbutler - 
                        </b>
                        Updated Dataset storage backend configuration
                      </h6>
                    </div>
                  </div>
                </div>
              </div>
            </div>
          </div>
        </div>
      </div>
    </div>
  </div>
</div>
`;
